// Jest Snapshot v1, https://goo.gl/fbAQLP

exports[`ResetPasswordPage should pass with snapshot 1`] = `"<div class=\\"col\\"><h2 class=\\"text-center page-title\\">Redefinir Senha</h2><p class=\\"text-wrapper\\">Digite abaixo sua nova senha!</p><form><div class=\\"position-relative form-group\\"><label for=\\"password\\" class=\\"mb-0\\">Nova Senha</label><div><input name=\\"password\\" id=\\"password\\" type=\\"password\\" class=\\"form-control form-control\\" value=\\"\\"><div class=\\"invalid-feedback\\"></div></div></div><div class=\\"position-relative form-group\\"><label for=\\"password\\" class=\\"mb-0\\">Confirmar Senha</label><div><input name=\\"confirmPassword\\" id=\\"confirmPassword\\" type=\\"password\\" class=\\"form-control form-control\\" value=\\"\\"><div class=\\"invalid-feedback\\"></div></div></div><button disabled=\\"\\" class=\\"px-4 float-right btn btn-primary disabled\\">Redefinir Senha</button></form></div>"`;
